SQL> SET PAGES 200 LINES 200
SQL> 
SQL> INSERT INTO GIRLS VALUES (1001,'KRATIKA',19,
  2  'KURAWAR',2344567545,'F',NULL);

1 row created.

SQL> SELECT *
  2  FROM GIRLS ;

        ID NAME              AGE ADDRESS                PHONE_NO G EMAIL                                                                                                                                
---------- ---------- ---------- -------------------- ---------- - --------------------                                                                                                                 
      1001 KRATIKA            19 KURAWAR              2344567545 F                                                                                                                                      

SQL> INSERT INTO GIRLS(ID,GENDER,NAME,AGE,ADDRESS) VALUES(1002,'M','RAM',20,'GURGAON');

1 row created.

SQL> SELECT *
  2  FROM GIRLS;

        ID NAME              AGE ADDRESS                PHONE_NO G EMAIL                                                                                                                                
---------- ---------- ---------- -------------------- ---------- - --------------------                                                                                                                 
      1001 KRATIKA            19 KURAWAR              2344567545 F                                                                                                                                      
      1002 RAM                20 GURGAON                         M                                                                                                                                      

SQL> INSERT INTO GIRLS(ID,GENDER,NAME,AGE,ADDRESS,EMAIL) VALUES(&ID,'&GENDER','&NAME','&AGE','ADDRES
  2  
SQL> INSERT INTO GIRLS(ID,GENDER,NAME,AGE,ADDRESS,EMAIL) VALUES(&ID,'&GENDER','&NAME','&AGE','ADDRESED
  2  ED
  3  
SQL> ED
Wrote file afiedt.buf

  1  INSERT INTO GIRLS(ID,GENDER,NAME,AGE,ADDRESS,EMAIL) VALUES(&ID,'&GENDER','&NAME','&AGE','&ADDRESS','&EMAIL')
  2* ED
SQL> /
Enter value for id: 1003
Enter value for gender: F
Enter value for name: NAMITA
Enter value for age: 24
Enter value for address: BHOPAL
Enter value for email: NAMITA123@GMAIL.COM
old   1: INSERT INTO GIRLS(ID,GENDER,NAME,AGE,ADDRESS,EMAIL) VALUES(&ID,'&GENDER','&NAME','&AGE','&ADDRESS','&EMAIL')
new   1: INSERT INTO GIRLS(ID,GENDER,NAME,AGE,ADDRESS,EMAIL) VALUES(1003,'F','NAMITA','24','BHOPAL','NAMITA123@GMAIL.COM')
ED
*
ERROR at line 2:
ORA-00933: SQL command not properly ended 


SQL> ED
Wrote file afiedt.buf

  1  INSERT INTO GIRLS(ID,GENDER,NAME,AGE,ADDRESS,EMAIL) VALUES(&ID,'&GENDER','&NAME','&AGE','&ADDRESS','&EMAIL')
  2* ED
SQL> /
Enter value for id: 1003
Enter value for gender: F
Enter value for name: NAMITA
Enter value for age: 24
Enter value for address: BHOPAL 
Enter value for email: NAMITA12@GMAIL.COM;
old   1: INSERT INTO GIRLS(ID,GENDER,NAME,AGE,ADDRESS,EMAIL) VALUES(&ID,'&GENDER','&NAME','&AGE','&ADDRESS','&EMAIL')
new   1: INSERT INTO GIRLS(ID,GENDER,NAME,AGE,ADDRESS,EMAIL) VALUES(1003,'F','NAMITA','24','BHOPAL ','NAMITA12@GMAIL.COM;')
ED
*
ERROR at line 2:
ORA-00933: SQL command not properly ended 


SQL> ED
Wrote file afiedt.buf

  1  INSERT INTO GIRLS(ID,GENDER,NAME,AGE,ADDRESS,EMAIL) VALUES(&ID,'&GENDER','&NAME','&AGE','&ADDRESS','&EMAIL')
  2* ED
SQL> 
SQL> 
SQL> UPDATE GIRLS
  2  SET EMAIL='RAM123@GMAIL.COM'
  3  WHERE NAME='RAM';

1 row updated.

SQL> SELECT *
  2  FROM GIRLS
  3  ;

        ID NAME              AGE ADDRESS                PHONE_NO G EMAIL                                                                                                                                
---------- ---------- ---------- -------------------- ---------- - --------------------                                                                                                                 
      1001 KRATIKA            19 KURAWAR              2344567545 F                                                                                                                                      
      1002 RAM                20 GURGAON                         M RAM123@GMAIL.COM                                                                                                                     

SQL> UPDATE GIRLS SET PHONE_NUM=626437366 WHERE NAME='RAM';
UPDATE GIRLS SET PHONE_NUM=626437366 WHERE NAME='RAM'
                 *
ERROR at line 1:
ORA-00904: "PHONE_NUM": invalid identifier 


SQL> ED
Wrote file afiedt.buf

  1* UPDATE GIRLS SET PHONE_NO=626437366 WHERE NAME='RAM'
SQL> /
UPDATE GIRLS SET PHONE_NO=626437366 WHERE NAME='RAM'
*
ERROR at line 1:
ORA-02290: check constraint (SCOTT.SYS_C005716) violated 


SQL> DELETE FROM GIRLS
  2  WHERE NAME='RAM';

1 row deleted.

SQL> DESC GIRLS
 Name                                                                                                              Null?    Type
 ----------------------------------------------------------------------------------------------------------------- -------- ----------------------------------------------------------------------------
 ID                                                                                                                NOT NULL NUMBER(10)
 NAME                                                                                                                       VARCHAR2(10)
 AGE                                                                                                                        NUMBER(2)
 ADDRESS                                                                                                                    VARCHAR2(20)
 PHONE_NO                                                                                                                   NUMBER(10)
 GENDER                                                                                                            NOT NULL VARCHAR2(1)
 EMAIL                                                                                                                      VARCHAR2(20)

SQL> SELECT * FROM GIRLS ;

        ID NAME              AGE ADDRESS                PHONE_NO G EMAIL                                                                                                                                
---------- ---------- ---------- -------------------- ---------- - --------------------                                                                                                                 
      1001 KRATIKA            19 KURAWAR              2344567545 F                                                                                                                                      

SQL> 
SQL> 
SQL> 
SQL> 
SQL> 
SQL> 
SQL> SHOW USER
USER is "SCOTT"
SQL> GRANT SELECT
  2  ON EMP
  3  TO HR;

Grant succeeded.

SQL> SELECT EMP
  2  FROM HR;
FROM HR
     *
ERROR at line 2:
ORA-00942: table or view does not exist 


SQL> CONN HR
Connected.
SQL> SELECT EMP
  2  
SQL> SELECT * FROM EMP;
SELECT * FROM EMP
              *
ERROR at line 1:
ORA-00942: table or view does not exist 


SQL> ED
Wrote file afiedt.buf

  1* SELECT * FROM SCOTT.EMP
SQL> /

     EMPNO ENAME      JOB              MGR HIREDATE         SAL       COMM     DEPTNO                                                                                                                   
---------- ---------- --------- ---------- --------- ---------- ---------- ----------                                                                                                                   
      7369 SMITH      CLERK           7902 17-DEC-80        800                    20                                                                                                                   
      7499 ALLEN      SALESMAN        7698 20-FEB-81       1600        300         30                                                                                                                   
      7521 WARD       SALESMAN        7698 22-FEB-81       1250        500         30                                                                                                                   
      7566 JONES      MANAGER         7839 02-APR-81       2975                    20                                                                                                                   
      7654 MARTIN     SALESMAN        7698 28-SEP-81       1250       1400         30                                                                                                                   
      7698 BLAKE      MANAGER         7839 01-MAY-81       2850                    30                                                                                                                   
      7782 CLARK      MANAGER         7839 09-JUN-81       2450                    10                                                                                                                   
      7788 SCOTT      ANALYST         7566 19-APR-87       3000                    20                                                                                                                   
      7839 KING       PRESIDENT            17-NOV-81       5000                    10                                                                                                                   
      7844 TURNER     SALESMAN        7698 08-SEP-81       1500          0         30                                                                                                                   
      7876 ADAMS      CLERK           7788 23-MAY-87       1100                    20                                                                                                                   
      7900 JAMES      CLERK           7698 03-DEC-81        950                    30                                                                                                                   
      7902 FORD       ANALYST         7566 03-DEC-81       3000                    20                                                                                                                   
      7934 MILLER     CLERK           7782 23-JAN-82       1300                    10                                                                                                                   

14 rows selected.

SQL> REVOKE SELECT
  2  
SQL> CONN SCOTT
ERROR:
ORA-01017: invalid username/password; logon denied 


Warning: You are no longer connected to ORACLE.
SQL> CONN SCOTT
Connected.
SQL> REVOKE SELECT TO HR;
REVOKE SELECT TO HR
       *
ERROR at line 1:
ORA-00990: missing or invalid privilege 


SQL> REVOKE SELECT
  2  ON EMP
  3  FROM HR;

Revoke succeeded.

SQL> COMMIT;

Commit complete.

SQL> SPOOL OFF
